<?xml version="1.0"?>

<!DOCTYPE tree_delta PUBLIC '-//DePaul//DTD Tree Delta//EN' 'file:///c:/my documents/classes/thesis/code/treedelta.dtd'>

<tree_delta>
  <update id="0">
    <value name="Package" value="foo.bar" />
  </update>
  <insert id="1" target="0" type="import" col="0" pos="0">
    <value name="OnDemand" value="true" />
    <value name="Name" value="bar" />
  </insert>
  <insert id="2" target="0" type="import" col="0" pos="1">
    <value name="OnDemand" value="true" />
    <value name="Name" value="foo" />
  </insert>
  <insert id="3" target="0" type="class" col="1" pos="0">
    <value name="Visibility" value="public" />
    <value name="Extends" value="Bar" />
    <value name="Static" value="false" />
    <value name="Final" value="false" />
    <value name="Name" value="Foo" />
    <value name="Abstract" value="false" />
  </insert>
  <insert id="4" target="3" type="field" col="0" pos="0">
    <value name="Visibility" value="" />
    <value name="Static" value="false" />
    <value name="Final" value="false" />
    <value name="Volatile" value="false" />
    <value name="Transient" value="false" />
  </insert>
  <insert id="5" target="3" type="field" col="0" pos="1">
    <value name="Visibility" value="public" />
    <value name="Static" value="false" />
    <value name="Final" value="false" />
    <value name="Volatile" value="false" />
    <value name="Transient" value="false" />
  </insert>
  <insert id="6" target="3" type="method" col="0" pos="2">
    <value name="Visibility" value="public" />
    <value name="Synchronized" value="false" />
    <value name="Native" value="false" />
    <value name="Static" value="false" />
    <value name="Final" value="false" />
    <value name="Name" value="b" />
    <value name="Abstract" value="false" />
  </insert>
  <insert id="7" target="3" type="method" col="0" pos="3">
    <value name="Visibility" value="public" />
    <value name="Synchronized" value="false" />
    <value name="Native" value="false" />
    <value name="Static" value="false" />
    <value name="Final" value="false" />
    <value name="Name" value="foobar" />
    <value name="Abstract" value="false" />
  </insert>
  <insert id="8" target="3" type="method" col="0" pos="4">
    <value name="Visibility" value="public" />
    <value name="Synchronized" value="false" />
    <value name="Native" value="false" />
    <value name="Static" value="false" />
    <value name="Final" value="false" />
    <value name="Name" value="foo" />
    <value name="Abstract" value="false" />
  </insert>
  <insert id="9" target="3" type="name" col="1" pos="0">
    <value name="Value" value="Foobar" />
  </insert>
  <insert id="10" target="3" type="name" col="1" pos="1">
    <value name="Value" value="BarFoo" />
  </insert>
  <insert id="11" target="4" type="type" col="0" pos="0">
    <value name="Dimension" value="0" />
    <value name="Name" value="int" />
  </insert>
  <insert id="12" target="4" type="vardec" col="1" pos="0">
    <value name="Dimension" value="0" />
    <value name="Name" value="bar" />
  </insert>
  <insert id="13" target="5" type="type" col="0" pos="0">
    <value name="Dimension" value="0" />
    <value name="Name" value="String" />
  </insert>
  <insert id="14" target="5" type="vardec" col="1" pos="0">
    <value name="Dimension" value="0" />
    <value name="Name" value="foo" />
  </insert>
  <insert id="15" target="6" type="block" col="1" pos="0" />
  <insert id="16" target="6" type="type" col="3" pos="1">
    <value name="Dimension" value="0" />
    <value name="Name" value="int" />
  </insert>
  <insert id="17" target="7" type="block" col="1" pos="0" />
  <insert id="18" target="7" type="type" col="3" pos="1">
    <value name="Dimension" value="0" />
    <value name="Name" value="String" />
  </insert>
  <insert id="19" target="8" type="block" col="1" pos="0" />
  <insert id="20" target="8" type="type" col="3" pos="1">
    <value name="Dimension" value="0" />
    <value name="Name" value="void" />
  </insert>
  <insert id="21" target="12" type="literal" col="0" pos="0">
    <value name="Value" value="1" />
  </insert>
  <insert id="22" target="14" type="literal" col="0" pos="0">
    <value name="Value" value="foo" />
  </insert>
  <insert id="23" target="17" type="variable" col="0" pos="0">
    <value name="AsStatement" value="true" />
    <value name="Final" value="false" />
  </insert>
  <insert id="24" target="17" type="return" col="0" pos="1" />
  <insert id="25" target="19" type="variable" col="0" pos="0">
    <value name="AsStatement" value="true" />
    <value name="Final" value="false" />
  </insert>
  <insert id="26" target="19" type="variable" col="0" pos="1">
    <value name="AsStatement" value="true" />
    <value name="Final" value="false" />
  </insert>
  <insert id="27" target="19" type="break" col="0" pos="2">
    <value name="BreakLabel" value="alabel" />
  </insert>
  <insert id="28" target="21" type="type" col="0" pos="0">
    <value name="Dimension" value="0" />
    <value name="Name" value="int" />
  </insert>
  <insert id="29" target="22" type="type" col="0" pos="0">
    <value name="Dimension" value="0" />
    <value name="Name" value="String" />
  </insert>
  <insert id="30" target="23" type="type" col="0" pos="0">
    <value name="Dimension" value="0" />
    <value name="Name" value="String" />
  </insert>
  <insert id="31" target="23" type="vardec" col="1" pos="0">
    <value name="Dimension" value="0" />
    <value name="Name" value="s" />
  </insert>
  <insert id="32" target="24" type="name" col="0" pos="0">
    <value name="Value" value="s" />
  </insert>
  <insert id="33" target="25" type="type" col="0" pos="0">
    <value name="Dimension" value="0" />
    <value name="Name" value="int" />
  </insert>
  <insert id="34" target="25" type="vardec" col="1" pos="0">
    <value name="Dimension" value="0" />
    <value name="Name" value="foob" />
  </insert>
  <insert id="35" target="26" type="type" col="0" pos="0">
    <value name="Dimension" value="0" />
    <value name="Name" value="int" />
  </insert>
  <insert id="36" target="26" type="vardec" col="1" pos="0">
    <value name="Dimension" value="0" />
    <value name="Name" value="methtest" />
  </insert>
  <insert id="37" target="31" type="literal" col="0" pos="0">
    <value name="Value" value="" />
  </insert>
  <insert id="38" target="34" type="field_access" col="0" pos="0">
    <value name="Name" value="bar" />
  </insert>
  <insert id="39" target="36" type="methodcall" col="0" pos="0" />
  <insert id="40" target="37" type="type" col="0" pos="0">
    <value name="Dimension" value="0" />
    <value name="Name" value="String" />
  </insert>
  <insert id="41" target="38" type="identifier" col="0" pos="0">
    <value name="Name" value="this" />
  </insert>
  <insert id="42" target="39" type="name" col="1" pos="0">
    <value name="Value" value="java.lang.b" />
  </insert>
</tree_delta>

